Loading training data...
Training data shape: (99620, 70102)

============================================================
Training NMF model with 20 components...
============================================================
Done training NMF model with 20 components

Processing 25% masked data...
Test data shape: (42695, 70102)
Done transforming test data
Done reconstructing test data
Number of masked values to evaluate: 34420861

Metrics for 20 components, 25% masking:
  Pearson r: 0.2917
  Spearman r: 0.2354
  MAE: 0.511491
  RMSE: 0.592113

Processing 50% masked data...
Test data shape: (42695, 70102)
Done transforming test data
Done reconstructing test data
Number of masked values to evaluate: 68872440

Metrics for 20 components, 50% masking:
  Pearson r: 0.2912
  Spearman r: 0.2351
  MAE: 0.588581
  RMSE: 0.655275

Processing 75% masked data...
Test data shape: (42695, 70102)
Done transforming test data
Done reconstructing test data
Number of masked values to evaluate: 103308614

Metrics for 20 components, 75% masking:
  Pearson r: 0.2903
  Spearman r: 0.2346
  MAE: 0.668943
  RMSE: 0.728115

============================================================
Training NMF model with 30 components...
============================================================
Done training NMF model with 30 components

Processing 25% masked data...
Test data shape: (42695, 70102)
Done transforming test data
Done reconstructing test data
Number of masked values to evaluate: 34420861

Metrics for 30 components, 25% masking:
  Pearson r: 0.2924
  Spearman r: 0.2359
  MAE: 0.510578
  RMSE: 0.591218

Processing 50% masked data...
Test data shape: (42695, 70102)
Done transforming test data
Done reconstructing test data
Number of masked values to evaluate: 68872440

Metrics for 30 components, 50% masking:
  Pearson r: 0.2918
  Spearman r: 0.2355
  MAE: 0.587947
  RMSE: 0.654654

Processing 75% masked data...
Test data shape: (42695, 70102)
Done transforming test data
Done reconstructing test data
Number of masked values to evaluate: 103308614

Metrics for 30 components, 75% masking:
  Pearson r: 0.2906
  Spearman r: 0.2348
  MAE: 0.668602
  RMSE: 0.727792

============================================================
Training NMF model with 50 components...
============================================================
Done training NMF model with 50 components

Processing 25% masked data...
Test data shape: (42695, 70102)
Done transforming test data
Done reconstructing test data
Number of masked values to evaluate: 34420861

Metrics for 50 components, 25% masking:
  Pearson r: 0.2938
  Spearman r: 0.2377
  MAE: 0.509783
  RMSE: 0.590293

Processing 50% masked data...
Test data shape: (42695, 70102)
Done transforming test data
Done reconstructing test data
Number of masked values to evaluate: 68872440

Metrics for 50 components, 50% masking:
  Pearson r: 0.2931
  Spearman r: 0.2372
  MAE: 0.587365
  RMSE: 0.654028

Processing 75% masked data...
Test data shape: (42695, 70102)
Done transforming test data
Done reconstructing test data
Number of masked values to evaluate: 103308614

Metrics for 50 components, 75% masking:
  Pearson r: 0.2915
  Spearman r: 0.2363
  MAE: 0.668253
  RMSE: 0.727448

============================================================
FINAL RESULTS SUMMARY
============================================================

Total experiments completed: 9
Components tested: [20, 30, 50]
Mask percentages tested: ['25%', '50%', '75%']

Detailed Results:
 n_components mask_percent  n_masked_values  pearson_r  pearson_p  spearman_r  spearman_p   l1_mae     rmse                                                                                                              test_path
           20          25%         34420861   0.291675   0.000000    0.235445    0.000000 0.511491 0.592113 MASKED_25_PERCENT_test_30_70_model_ready_combined_gene_expression_aligned_splicing_20251009_024406_sparsity_fixed.h5mu
           20          50%         68872440   0.291218   0.000000    0.235105    0.000000 0.588581 0.655275 MASKED_50_PERCENT_test_30_70_model_ready_combined_gene_expression_aligned_splicing_20251009_024406_sparsity_fixed.h5mu
           20          75%        103308614   0.290297   0.000000    0.234621    0.000000 0.668943 0.728115 MASKED_75_PERCENT_test_30_70_model_ready_combined_gene_expression_aligned_splicing_20251009_024406_sparsity_fixed.h5mu
           30          25%         34420861   0.292424   0.000000    0.235919    0.000000 0.510578 0.591218 MASKED_25_PERCENT_test_30_70_model_ready_combined_gene_expression_aligned_splicing_20251009_024406_sparsity_fixed.h5mu
           30          50%         68872440   0.291848   0.000000    0.235483    0.000000 0.587947 0.654654 MASKED_50_PERCENT_test_30_70_model_ready_combined_gene_expression_aligned_splicing_20251009_024406_sparsity_fixed.h5mu
           30          75%        103308614   0.290647   0.000000    0.234783    0.000000 0.668602 0.727792 MASKED_75_PERCENT_test_30_70_model_ready_combined_gene_expression_aligned_splicing_20251009_024406_sparsity_fixed.h5mu
           50          25%         34420861   0.293827   0.000000    0.237739    0.000000 0.509783 0.590293 MASKED_25_PERCENT_test_30_70_model_ready_combined_gene_expression_aligned_splicing_20251009_024406_sparsity_fixed.h5mu
           50          50%         68872440   0.293091   0.000000    0.237195    0.000000 0.587365 0.654028 MASKED_50_PERCENT_test_30_70_model_ready_combined_gene_expression_aligned_splicing_20251009_024406_sparsity_fixed.h5mu
           50          75%        103308614   0.291495   0.000000    0.236305    0.000000 0.668253 0.727448 MASKED_75_PERCENT_test_30_70_model_ready_combined_gene_expression_aligned_splicing_20251009_024406_sparsity_fixed.h5mu

Results saved to:
  - nmf_imputation_results_comprehensive.csv (full results)
  - nmf_imputation_results_comprehensive.pkl (full results, pickle)
  - nmf_imputation_results_summary.csv (key metrics only)

Best performing configurations:
  Best pearson_r: 0.2938 (components=50, mask=25%)
  Best spearman_r: 0.2377 (components=50, mask=25%)
  Best l1_mae: 0.509783 (components=50, mask=25%)
  Best rmse: 0.590293 (components=50, mask=25%)

============================================================
ANALYSIS COMPLETE
============================================================
